[0m02:06:50.350117 [debug] [MainThread]: Sending event: {'category': 'dbt', 'action': 'invocation', 'label': 'start', 'context': [<snowplow_tracker.self_describing_json.SelfDescribingJson object at 0x000001E68A480990>, <snowplow_tracker.self_describing_json.SelfDescribingJson object at 0x000001E68A3B7D10>, <snowplow_tracker.self_describing_json.SelfDescribingJson object at 0x000001E687F7A4D0>]}


============================== 02:06:50.406774 | 2a40c0a3-91bf-4a9b-8f43-6e9e4370c8b7 ==============================
[0m02:06:50.406774 [info ] [MainThread]: Running with dbt=1.12.2
[0m02:06:50.415413 [debug] [MainThread]: running dbt with arguments {'maximum_seed_size_mib': '1', 'no_print': 'None', 'static_parser': 'True', 'target_path': 'None', 'warn_error_options': 'WarnErrorOptionsV2(error=[], warn=[], silence=[])', 'version_check': 'True', 'printer_width': '80', 'write_json': 'True', 'empty': 'None', 'log_cache_events': 'False', 'introspect': 'True', 'cache_selected_only': 'False', 'log_format': 'default', 'debug': 'False', 'fail_fast': 'False', 'partial_parse': 'True', 'send_anonymous_usage_stats': 'True', 'quiet': 'False', 'warn_error': 'None', 'profiles_dir': 'C:\\Users\\ASUS ZENBOOK\\.dbt', 'indirect_selection': 'eager', 'hints_enabled': 'True', 'use_colors': 'True', 'use_experimental_parser': 'False', 'invocation_command': 'dbt init banking_dbt', 'log_path': 'logs'}
[0m02:06:50.593248 [info ] [MainThread]: Creating dbt configuration folder at C:\Users\ASUS ZENBOOK\.dbt
[0m02:06:50.606579 [info ] [MainThread]: A project called banking_dbt already exists here.
[0m02:06:50.638473 [debug] [MainThread]: Command `dbt init` succeeded at 02:06:50.637957 after 1.22 seconds
[0m02:06:50.643763 [debug] [MainThread]: Sending event: {'category': 'dbt', 'action': 'invocation', 'label': 'end', 'context': [<snowplow_tracker.self_describing_json.SelfDescribingJson object at 0x000001E68A3B6E50>, <snowplow_tracker.self_describing_json.SelfDescribingJson object at 0x000001E68A3B73D0>, <snowplow_tracker.self_describing_json.SelfDescribingJson object at 0x000001E68A3B7190>]}
[0m02:06:50.652419 [debug] [MainThread]: Flushing usage events
[0m02:06:57.176130 [debug] [MainThread]: An error was encountered while trying to flush usage events
[0m02:07:35.434122 [debug] [MainThread]: Sending event: {'category': 'dbt', 'action': 'invocation', 'label': 'start', 'context': [<snowplow_tracker.self_describing_json.SelfDescribingJson object at 0x0000023411C60C50>, <snowplow_tracker.self_describing_json.SelfDescribingJson object at 0x0000023411BA5650>, <snowplow_tracker.self_describing_json.SelfDescribingJson object at 0x0000023411C608D0>]}


============================== 02:07:35.442600 | 0b1bce37-9eea-44d2-8fdd-5a0e9cd39004 ==============================
[0m02:07:35.442600 [info ] [MainThread]: Running with dbt=1.12.2
[0m02:07:35.445600 [debug] [MainThread]: running dbt with arguments {'static_parser': 'True', 'no_print': 'None', 'version_check': 'True', 'warn_error_options': 'WarnErrorOptionsV2(error=[], warn=[], silence=[])', 'target_path': 'None', 'maximum_seed_size_mib': '1', 'printer_width': '80', 'write_json': 'True', 'empty': 'None', 'log_cache_events': 'False', 'introspect': 'True', 'cache_selected_only': 'False', 'log_format': 'default', 'debug': 'False', 'fail_fast': 'False', 'profiles_dir': 'C:\\Users\\ASUS ZENBOOK\\.dbt', 'send_anonymous_usage_stats': 'True', 'quiet': 'False', 'warn_error': 'None', 'partial_parse': 'True', 'indirect_selection': 'eager', 'hints_enabled': 'True', 'use_colors': 'True', 'use_experimental_parser': 'False', 'invocation_command': 'dbt init banking_dbt', 'log_path': 'logs'}
[0m02:07:35.518409 [debug] [MainThread]: Starter project path: C:\Users\ASUS ZENBOOK\AppData\Local\Programs\Python\Python311\Lib\site-packages\dbt\include\starter_project
[0m02:07:35.632659 [info ] [MainThread]: Setting up your profile.
[0m02:07:47.042123 [debug] [MainThread]: Snowflake adapter: Setting snowflake.connector to ERROR (file logging only)
[0m02:07:47.044583 [debug] [MainThread]: Snowflake adapter: Setting botocore to ERROR (file logging only)
[0m02:07:47.046314 [debug] [MainThread]: Snowflake adapter: Setting boto3 to ERROR (file logging only)
[0m02:15:26.837070 [info ] [MainThread]: Profile banking_dbt written to C:\Users\ASUS ZENBOOK\.dbt\profiles.yml using target's profile_template.yml and your supplied values.
[0m02:15:26.852519 [info ] [MainThread]: Running dbt debug to validate the project...
[0m02:15:26.856408 [info ] [MainThread]: dbt version: 1.12.2
[0m02:15:26.859985 [info ] [MainThread]: python version: 3.11.9
[0m02:15:26.863259 [info ] [MainThread]: python path: C:\Users\ASUS ZENBOOK\AppData\Local\Programs\Python\Python311\python.exe
[0m02:15:26.867785 [info ] [MainThread]: os info: Windows-10-10.0.26200-SP0
[0m02:15:27.090417 [info ] [MainThread]: Using profiles dir at C:\Users\ASUS ZENBOOK\.dbt
[0m02:15:27.093110 [info ] [MainThread]: Using profiles.yml file at C:\Users\ASUS ZENBOOK\.dbt\profiles.yml
[0m02:15:27.095124 [info ] [MainThread]: Using dbt_project.yml file at C:\Users\ASUS ZENBOOK\OneDrive\Bureau\banking-modern-datastack-main\banking_dbt\dbt_project.yml
[0m02:15:27.099776 [info ] [MainThread]: adapter type: snowflake
[0m02:15:27.101800 [info ] [MainThread]: adapter version: 1.12.0
[0m02:15:27.471110 [info ] [MainThread]: Configuration:
[0m02:15:27.474108 [info ] [MainThread]:   profiles.yml file [[32mOK found and valid[0m]
[0m02:15:27.476200 [info ] [MainThread]:   dbt_project.yml file [[32mOK found and valid[0m]
[0m02:15:27.478202 [info ] [MainThread]: Required dependencies:
[0m02:15:27.482218 [debug] [MainThread]: Executing "git --help"
[0m02:15:27.676521 [debug] [MainThread]: STDOUT: "b"usage: git [-v | --version] [-h | --help] [-C <path>] [-c <name>=<value>]\n           [--exec-path[=<path>]] [--html-path] [--man-path] [--info-path]\n           [-p | --paginate | -P | --no-pager] [--no-replace-objects] [--no-lazy-fetch]\n           [--no-optional-locks] [--no-advice] [--bare] [--git-dir=<path>]\n           [--work-tree=<path>] [--namespace=<name>] [--config-env=<name>=<envvar>]\n           <command> [<args>]\n\nThese are common Git commands used in various situations:\n\nstart a working area (see also: git help tutorial)\n   clone      Clone a repository into a new directory\n   init       Create an empty Git repository or reinitialize an existing one\n\nwork on the current change (see also: git help everyday)\n   add        Add file contents to the index\n   mv         Move or rename a file, a directory, or a symlink\n   restore    Restore working tree files\n   rm         Remove files from the working tree and from the index\n\nexamine the history and state (see also: git help revisions)\n   bisect     Use binary search to find the commit that introduced a bug\n   diff       Show changes between commits, commit and working tree, etc\n   grep       Print lines matching a pattern\n   log        Show commit logs\n   show       Show various types of objects\n   status     Show the working tree status\n\ngrow, mark and tweak your common history\n   backfill   Download missing objects in a partial clone\n   branch     List, create, or delete branches\n   commit     Record changes to the repository\n   merge      Join two or more development histories together\n   rebase     Reapply commits on top of another base tip\n   reset      Reset current HEAD to the specified state\n   switch     Switch branches\n   tag        Create, list, delete or verify a tag object signed with GPG\n\ncollaborate (see also: git help workflows)\n   fetch      Download objects and refs from another repository\n   pull       Fetch from and integrate with another repository or a local branch\n   push       Update remote refs along with associated objects\n\n'git help -a' and 'git help -g' list available subcommands and some\nconcept guides. See 'git help <command>' or 'git help <concept>'\nto read about a specific subcommand or concept.\nSee 'git help git' for an overview of the system.\n""
[0m02:15:27.679062 [debug] [MainThread]: STDERR: "b''"
[0m02:15:27.683150 [info ] [MainThread]:  - git [[32mOK found[0m]

[0m02:15:27.686682 [info ] [MainThread]: Connection:
[0m02:15:27.688707 [info ] [MainThread]:   account: wo07863.west-europe.azure
[0m02:15:27.693309 [info ] [MainThread]:   user: ISMAILDATA
[0m02:15:27.697380 [info ] [MainThread]:   database: banking
[0m02:15:27.703139 [info ] [MainThread]:   warehouse: COMPUTE_WH
[0m02:15:27.708055 [info ] [MainThread]:   role: accountadmin
[0m02:15:27.712676 [info ] [MainThread]:   schema: analytics
[0m02:15:27.717153 [info ] [MainThread]:   authenticator: None
[0m02:15:27.720702 [info ] [MainThread]:   oauth_client_id: None
[0m02:15:27.723795 [info ] [MainThread]:   query_tag: None
[0m02:15:27.726644 [info ] [MainThread]:   client_session_keep_alive: False
[0m02:15:27.729531 [info ] [MainThread]:   host: None
[0m02:15:27.734250 [info ] [MainThread]:   port: None
[0m02:15:27.736783 [info ] [MainThread]:   proxy_host: None
[0m02:15:27.739777 [info ] [MainThread]:   proxy_port: None
[0m02:15:27.742784 [info ] [MainThread]:   protocol: None
[0m02:15:27.745302 [info ] [MainThread]:   connect_retries: 1
[0m02:15:27.749091 [info ] [MainThread]:   connect_timeout: None
[0m02:15:27.752326 [info ] [MainThread]:   retry_on_database_errors: False
[0m02:15:27.755848 [info ] [MainThread]:   retry_all: False
[0m02:15:27.757873 [info ] [MainThread]:   insecure_mode: False
[0m02:15:27.760869 [info ] [MainThread]:   reuse_connections: True
[0m02:15:27.764590 [info ] [MainThread]:   s3_stage_vpce_dns_name: None
[0m02:15:27.768132 [info ] [MainThread]:   workload_identity_provider: None
[0m02:15:27.770672 [info ] [MainThread]:   workload_identity_entra_resource: None
[0m02:15:27.772669 [info ] [MainThread]:   platform_detection_timeout_seconds: 0.0
[0m02:15:27.776667 [info ] [MainThread]: Registered adapter: snowflake=1.12.0
[0m02:15:30.492780 [debug] [MainThread]: Acquiring new snowflake connection 'debug'
[0m02:15:30.512608 [debug] [MainThread]: Using snowflake connection "debug"
[0m02:15:30.517172 [debug] [MainThread]: On debug: select 1 as id
[0m02:15:30.519716 [debug] [MainThread]: Opening a new connection, currently in state init
[0m02:15:41.780167 [debug] [MainThread]: SQL status: SUCCESS 1 in 11.260 seconds
[0m02:15:41.783179 [info ] [MainThread]:   Connection test: [[32mOK connection ok[0m]

[0m02:15:41.786182 [info ] [MainThread]: [32mAll checks passed![0m
[0m02:15:41.788181 [info ] [MainThread]: Your new dbt project "banking_dbt" was created!
Initialized new project in C:\Users\ASUS ZENBOOK\OneDrive\Bureau\banking-modern-datastack-main\banking_dbt\banking_dbt

For more information on how to configure the profiles.yml file,
please consult the dbt documentation here:

  https://docs.getdbt.com/docs/configure-your-profile

One more thing:

Need help? Don't hesitate to reach out to us via GitHub issues or on Slack:

  https://community.getdbt.com/

Happy modeling!

[0m02:15:41.796335 [debug] [MainThread]: Command `dbt init` succeeded at 02:15:41.795334 after 486.66 seconds
[0m02:15:41.798341 [debug] [MainThread]: Connection 'debug' was left open.
[0m02:15:41.801908 [debug] [MainThread]: On debug: Close
[0m02:15:42.990448 [debug] [MainThread]: Sending event: {'category': 'dbt', 'action': 'invocation', 'label': 'end', 'context': [<snowplow_tracker.self_describing_json.SelfDescribingJson object at 0x0000023411B96E50>, <snowplow_tracker.self_describing_json.SelfDescribingJson object at 0x0000023411B91810>, <snowplow_tracker.self_describing_json.SelfDescribingJson object at 0x00000234207D8AD0>]}
[0m02:15:42.993581 [debug] [MainThread]: Flushing usage events
[0m02:15:44.482034 [debug] [MainThread]: An error was encountered while trying to flush usage events
[0m02:18:14.052385 [debug] [MainThread]: Sending event: {'category': 'dbt', 'action': 'invocation', 'label': 'start', 'context': [<snowplow_tracker.self_describing_json.SelfDescribingJson object at 0x0000014708C58ED0>, <snowplow_tracker.self_describing_json.SelfDescribingJson object at 0x0000014708C581D0>, <snowplow_tracker.self_describing_json.SelfDescribingJson object at 0x0000014708C5AD10>]}


============================== 02:18:14.069557 | 3fab11de-e428-4ae9-bba5-9c9a8314f187 ==============================
[0m02:18:14.069557 [info ] [MainThread]: Running with dbt=1.12.2
[0m02:18:14.074027 [debug] [MainThread]: running dbt with arguments {'version_check': 'True', 'no_print': 'None', 'maximum_seed_size_mib': '1', 'target_path': 'None', 'static_parser': 'True', 'warn_error_options': 'WarnErrorOptionsV2(error=[], warn=[], silence=[])', 'printer_width': '80', 'write_json': 'True', 'empty': 'None', 'log_cache_events': 'False', 'introspect': 'True', 'cache_selected_only': 'False', 'fail_fast': 'False', 'debug': 'False', 'log_format': 'default', 'profiles_dir': 'C:\\Users\\ASUS ZENBOOK\\.dbt', 'send_anonymous_usage_stats': 'True', 'quiet': 'False', 'warn_error': 'None', 'partial_parse': 'True', 'use_colors': 'True', 'hints_enabled': 'True', 'indirect_selection': 'eager', 'use_experimental_parser': 'False', 'invocation_command': 'dbt debug', 'log_path': 'logs'}
[0m02:18:14.159430 [info ] [MainThread]: dbt version: 1.12.2
[0m02:18:14.165581 [info ] [MainThread]: python version: 3.11.9
[0m02:18:14.171438 [info ] [MainThread]: python path: C:\Users\ASUS ZENBOOK\AppData\Local\Programs\Python\Python311\python.exe
[0m02:18:14.176472 [info ] [MainThread]: os info: Windows-10-10.0.26200-SP0
[0m02:18:17.033644 [debug] [MainThread]: Snowflake adapter: Setting snowflake.connector to ERROR (file logging only)
[0m02:18:17.037760 [debug] [MainThread]: Snowflake adapter: Setting botocore to ERROR (file logging only)
[0m02:18:17.041294 [debug] [MainThread]: Snowflake adapter: Setting boto3 to ERROR (file logging only)
[0m02:18:17.730614 [info ] [MainThread]: Using profiles dir at C:\Users\ASUS ZENBOOK\.dbt
[0m02:18:17.732605 [info ] [MainThread]: Using profiles.yml file at C:\Users\ASUS ZENBOOK\.dbt\profiles.yml
[0m02:18:17.734608 [info ] [MainThread]: Using dbt_project.yml file at C:\Users\ASUS ZENBOOK\OneDrive\Bureau\banking-modern-datastack-main\dbt_project.yml
[0m02:18:17.738134 [info ] [MainThread]: adapter type: snowflake
[0m02:18:17.741685 [info ] [MainThread]: adapter version: 1.12.0
[0m02:18:17.744423 [info ] [MainThread]: Configuration:
[0m02:18:17.747422 [info ] [MainThread]:   profiles.yml file [[32mOK found and valid[0m]
[0m02:18:17.751473 [info ] [MainThread]:   dbt_project.yml file [[31mERROR not found[0m]
[0m02:18:17.754470 [info ] [MainThread]: Required dependencies:
[0m02:18:17.760603 [debug] [MainThread]: Executing "git --help"
[0m02:18:17.913788 [debug] [MainThread]: STDOUT: "b"usage: git [-v | --version] [-h | --help] [-C <path>] [-c <name>=<value>]\n           [--exec-path[=<path>]] [--html-path] [--man-path] [--info-path]\n           [-p | --paginate | -P | --no-pager] [--no-replace-objects] [--no-lazy-fetch]\n           [--no-optional-locks] [--no-advice] [--bare] [--git-dir=<path>]\n           [--work-tree=<path>] [--namespace=<name>] [--config-env=<name>=<envvar>]\n           <command> [<args>]\n\nThese are common Git commands used in various situations:\n\nstart a working area (see also: git help tutorial)\n   clone      Clone a repository into a new directory\n   init       Create an empty Git repository or reinitialize an existing one\n\nwork on the current change (see also: git help everyday)\n   add        Add file contents to the index\n   mv         Move or rename a file, a directory, or a symlink\n   restore    Restore working tree files\n   rm         Remove files from the working tree and from the index\n\nexamine the history and state (see also: git help revisions)\n   bisect     Use binary search to find the commit that introduced a bug\n   diff       Show changes between commits, commit and working tree, etc\n   grep       Print lines matching a pattern\n   log        Show commit logs\n   show       Show various types of objects\n   status     Show the working tree status\n\ngrow, mark and tweak your common history\n   backfill   Download missing objects in a partial clone\n   branch     List, create, or delete branches\n   commit     Record changes to the repository\n   merge      Join two or more development histories together\n   rebase     Reapply commits on top of another base tip\n   reset      Reset current HEAD to the specified state\n   switch     Switch branches\n   tag        Create, list, delete or verify a tag object signed with GPG\n\ncollaborate (see also: git help workflows)\n   fetch      Download objects and refs from another repository\n   pull       Fetch from and integrate with another repository or a local branch\n   push       Update remote refs along with associated objects\n\n'git help -a' and 'git help -g' list available subcommands and some\nconcept guides. See 'git help <command>' or 'git help <concept>'\nto read about a specific subcommand or concept.\nSee 'git help git' for an overview of the system.\n""
[0m02:18:17.916881 [debug] [MainThread]: STDERR: "b''"
[0m02:18:17.919892 [info ] [MainThread]:  - git [[32mOK found[0m]

[0m02:18:17.922407 [info ] [MainThread]: Connection:
[0m02:18:17.925949 [info ] [MainThread]:   account: wo07863.west-europe.azure
[0m02:18:17.928476 [info ] [MainThread]:   user: ISMAILDATA
[0m02:18:17.931503 [info ] [MainThread]:   database: banking
[0m02:18:17.934583 [info ] [MainThread]:   warehouse: COMPUTE_WH
[0m02:18:17.939124 [info ] [MainThread]:   role: accountadmin
[0m02:18:17.944040 [info ] [MainThread]:   schema: analytics
[0m02:18:17.949140 [info ] [MainThread]:   authenticator: None
[0m02:18:17.953664 [info ] [MainThread]:   oauth_client_id: None
[0m02:18:17.957176 [info ] [MainThread]:   query_tag: None
[0m02:18:17.963940 [info ] [MainThread]:   client_session_keep_alive: False
[0m02:18:17.967986 [info ] [MainThread]:   host: None
[0m02:18:17.971010 [info ] [MainThread]:   port: None
[0m02:18:17.976388 [info ] [MainThread]:   proxy_host: None
[0m02:18:17.985449 [info ] [MainThread]:   proxy_port: None
[0m02:18:17.989237 [info ] [MainThread]:   protocol: None
[0m02:18:17.994790 [info ] [MainThread]:   connect_retries: 1
[0m02:18:17.999786 [info ] [MainThread]:   connect_timeout: None
[0m02:18:18.003317 [info ] [MainThread]:   retry_on_database_errors: False
[0m02:18:18.007523 [info ] [MainThread]:   retry_all: False
[0m02:18:18.013088 [info ] [MainThread]:   insecure_mode: False
[0m02:18:18.016635 [info ] [MainThread]:   reuse_connections: True
[0m02:18:18.022753 [info ] [MainThread]:   s3_stage_vpce_dns_name: None
[0m02:18:18.026773 [info ] [MainThread]:   workload_identity_provider: None
[0m02:18:18.030302 [info ] [MainThread]:   workload_identity_entra_resource: None
[0m02:18:18.034839 [info ] [MainThread]:   platform_detection_timeout_seconds: 0.0
[0m02:18:18.039909 [info ] [MainThread]: Registered adapter: snowflake=1.12.0
[0m02:18:20.541795 [debug] [MainThread]: Acquiring new snowflake connection 'debug'
[0m02:18:20.552481 [debug] [MainThread]: Using snowflake connection "debug"
[0m02:18:20.558546 [debug] [MainThread]: On debug: select 1 as id
[0m02:18:20.562568 [debug] [MainThread]: Opening a new connection, currently in state init
[0m02:18:21.802556 [debug] [MainThread]: SQL status: SUCCESS 1 in 1.240 seconds
[0m02:18:21.804588 [info ] [MainThread]:   Connection test: [[32mOK connection ok[0m]

[0m02:18:21.807111 [info ] [MainThread]: [31m1 check failed:[0m
[0m02:18:21.809842 [info ] [MainThread]: Project loading failed for the following reason:
 project path <C:\Users\ASUS ZENBOOK\OneDrive\Bureau\banking-modern-datastack-main\dbt_project.yml> not found

[0m02:18:21.814845 [debug] [MainThread]: Command `dbt debug` failed at 02:18:21.814845 after 8.16 seconds
[0m02:18:21.818910 [debug] [MainThread]: Connection 'debug' was left open.
[0m02:18:21.820914 [debug] [MainThread]: On debug: Close
[0m02:18:22.262104 [debug] [MainThread]: Sending event: {'category': 'dbt', 'action': 'invocation', 'label': 'end', 'context': [<snowplow_tracker.self_describing_json.SelfDescribingJson object at 0x0000014708DB9050>, <snowplow_tracker.self_describing_json.SelfDescribingJson object at 0x000001471A709F10>, <snowplow_tracker.self_describing_json.SelfDescribingJson object at 0x000001471A6E2890>]}
[0m02:18:22.265643 [debug] [MainThread]: Flushing usage events
[0m02:18:24.446093 [debug] [MainThread]: An error was encountered while trying to flush usage events
